This is pdfTeX, Version 3.141592653-2.6-1.40.28 (MiKTeX 25.12) (preloaded format=pdflatex 2026.9.5)  11 SEP 2026 23:14
entering extended mode
 restricted \write18 enabled.
 %&-line parsing enabled.
**"./[Set A _ v1] CSE421 F25 Final Examination.tex"
([Set A _ v1] CSE421 F25 Final Examination.tex
LaTeX2e <2025-11-01>
L3 programming layer <2025-12-24>
(C:\Users\MY COMPUTER\AppData\Local\Programs\MiKTeX\tex/latex/base\article.cls
Document Class: article 2025/01/22 v1.4n Standard LaTeX document class
(C:\Users\MY COMPUTER\AppData\Local\Programs\MiKTeX\tex/latex/base\size11.clo
File: size11.clo 2025/01/22 v1.4n Standard LaTeX file (size option)
)
\c@part=\count275
\c@section=\count276
\c@subsection=\count277
\c@subsubsection=\count278
\c@paragraph=\count279
\c@subparagraph=\count280
\c@figure=\count281
\c@table=\count282
\abovecaptionskip=\skip49
\belowcaptionskip=\skip50
\bibindent=\dimen148
)
(C:\Users\MY COMPUTER\AppData\Local\Programs\MiKTeX\tex/latex/amsmath\amsmath.s
ty
Package: amsmath 2025/07/09 v2.17z AMS math features
\@mathmargin=\skip51
For additional information on amsmath, use the `?' option.

(C:\Users\MY COMPUTER\AppData\Local\Programs\MiKTeX\tex/latex/amsmath\amstext.s
ty
Package: amstext 2024/11/17 v2.01 AMS text

(C:\Users\MY COMPUTER\AppData\Local\Programs\MiKTeX\tex/latex/amsmath\amsgen.st
y
File: amsgen.sty 1999/11/30 v2.0 generic functions
\@emptytoks=\toks17
\ex@=\dimen149
))
(C:\Users\MY COMPUTER\AppData\Local\Programs\MiKTeX\tex/latex/amsmath\amsbsy.st
y
Package: amsbsy 1999/11/29 v1.2d Bold Symbols
\pmbraise@=\dimen150
)
(C:\Users\MY COMPUTER\AppData\Local\Programs\MiKTeX\tex/latex/amsmath\amsopn.st
y
Package: amsopn 2022/04/08 v2.04 operator names
)
\inf@bad=\count283
LaTeX Info: Redefining \frac on input line 233.
\uproot@=\count284
\leftroot@=\count285
LaTeX Info: Redefining \overline on input line 398.
LaTeX Info: Redefining \colon on input line 409.
\classnum@=\count286
\DOTSCASE@=\count287
LaTeX Info: Redefining \ldots on input line 495.
LaTeX Info: Redefining \dots on input line 498.
LaTeX Info: Redefining \cdots on input line 619.
\Mathstrutbox@=\box53
\strutbox@=\box54
LaTeX Info: Redefining \big on input line 721.
LaTeX Info: Redefining \Big on input line 722.
LaTeX Info: Redefining \bigg on input line 723.
LaTeX Info: Redefining \Bigg on input line 724.
\big@size=\dimen151
LaTeX Font Info:    Redeclaring font encoding OML on input line 742.
LaTeX Font Info:    Redeclaring font encoding OMS on input line 743.
\macc@depth=\count288
LaTeX Info: Redefining \bmod on input line 904.
LaTeX Info: Redefining \pmod on input line 909.
LaTeX Info: Redefining \smash on input line 939.
LaTeX Info: Redefining \relbar on input line 969.
LaTeX Info: Redefining \Relbar on input line 970.
\c@MaxMatrixCols=\count289
\dotsspace@=\muskip17
\c@parentequation=\count290
\dspbrk@lvl=\count291
\tag@help=\toks18
\row@=\count292
\column@=\count293
\maxfields@=\count294
\andhelp@=\toks19
\eqnshift@=\dimen152
\alignsep@=\dimen153
\tagshift@=\dimen154
\tagwidth@=\dimen155
\totwidth@=\dimen156
\lineht@=\dimen157
\@envbody=\toks20
\multlinegap=\skip52
\multlinetaggap=\skip53
\mathdisplay@stack=\toks21
LaTeX Info: Redefining \[ on input line 2950.
LaTeX Info: Redefining \] on input line 2951.
)
(C:\Users\MY COMPUTER\AppData\Local\Programs\MiKTeX\tex/latex/amsfonts\amssymb.
sty
Package: amssymb 2013/01/14 v3.01 AMS font symbols

(C:\Users\MY COMPUTER\AppData\Local\Programs\MiKTeX\tex/latex/amsfonts\amsfonts
.sty
Package: amsfonts 2013/01/14 v3.01 Basic AMSFonts support
\symAMSa=\mathgroup4
\symAMSb=\mathgroup5
LaTeX Font Info:    Redeclaring math symbol \hbar on input line 98.
LaTeX Font Info:    Overwriting math alphabet `\mathfrak' in version `bold'
(Font)                  U/euf/m/n --> U/euf/b/n on input line 106.
))
(C:\Users\MY COMPUTER\AppData\Local\Programs\MiKTeX\tex/latex/graphics\graphicx
.sty
Package: graphicx 2024/12/31 v1.2e Enhanced LaTeX Graphics (DPC,SPQR)

(C:\Users\MY COMPUTER\AppData\Local\Programs\MiKTeX\tex/latex/graphics\keyval.s
ty
Package: keyval 2022/05/29 v1.15 key=value parser (DPC)
\KV@toks@=\toks22
)
(C:\Users\MY COMPUTER\AppData\Local\Programs\MiKTeX\tex/latex/graphics\graphics
.sty
Package: graphics 2024/08/06 v1.4g Standard LaTeX Graphics (DPC,SPQR)

(C:\Users\MY COMPUTER\AppData\Local\Programs\MiKTeX\tex/latex/graphics\trig.sty
Package: trig 2023/12/02 v1.11 sin cos tan (DPC)
)
(C:\Users\MY COMPUTER\AppData\Local\Programs\MiKTeX\tex/latex/graphics-cfg\grap
hics.cfg
File: graphics.cfg 2016/06/04 v1.11 sample graphics configuration
)
Package graphics Info: Driver file: pdftex.def on input line 106.

(C:\Users\MY COMPUTER\AppData\Local\Programs\MiKTeX\tex/latex/graphics-def\pdft
ex.def
File: pdftex.def 2025/09/29 v1.2d Graphics/color driver for pdftex
))
\Gin@req@height=\dimen158
\Gin@req@width=\dimen159
)
(C:\Users\MY COMPUTER\AppData\Local\Programs\MiKTeX\tex/latex/xcolor\xcolor.sty
Package: xcolor 2024/09/29 v3.02 LaTeX color extensions (UK)

(C:\Users\MY COMPUTER\AppData\Local\Programs\MiKTeX\tex/latex/graphics-cfg\colo
r.cfg
File: color.cfg 2016/01/02 v1.6 sample color configuration
)
Package xcolor Info: Driver file: pdftex.def on input line 274.

(C:\Users\MY COMPUTER\AppData\Local\Programs\MiKTeX\tex/latex/graphics\mathcolo
r.ltx)
Package xcolor Info: Model `cmy' substituted by `cmy0' on input line 1349.
Package xcolor Info: Model `hsb' substituted by `rgb' on input line 1353.
Package xcolor Info: Model `RGB' extended on input line 1365.
Package xcolor Info: Model `HTML' substituted by `rgb' on input line 1367.
Package xcolor Info: Model `Hsb' substituted by `hsb' on input line 1368.
Package xcolor Info: Model `tHsb' substituted by `hsb' on input line 1369.
Package xcolor Info: Model `HSB' substituted by `hsb' on input line 1370.
Package xcolor Info: Model `Gray' substituted by `gray' on input line 1371.
Package xcolor Info: Model `wave' substituted by `hsb' on input line 1372.
)
(C:\Users\MY COMPUTER\AppData\Local\Programs\MiKTeX\tex/latex/l3backend\l3backe
nd-pdftex.def
File: l3backend-pdftex.def 2025-10-09 L3 backend support: PDF output (pdfTeX)
\l__color_backend_stack_int=\count295
) ([Set A _ v1] CSE421 F25 Final Examination.aux)
\openout1 = `"[Set A _ v1] CSE421 F25 Final Examination.aux"'.

LaTeX Font Info:    Checking defaults for OML/cmm/m/it on input line 41.
LaTeX Font Info:    ... okay on input line 41.
LaTeX Font Info:    Checking defaults for OMS/cmsy/m/n on input line 41.
LaTeX Font Info:    ... okay on input line 41.
LaTeX Font Info:    Checking defaults for OT1/cmr/m/n on input line 41.
LaTeX Font Info:    ... okay on input line 41.
LaTeX Font Info:    Checking defaults for T1/cmr/m/n on input line 41.
LaTeX Font Info:    ... okay on input line 41.
LaTeX Font Info:    Checking defaults for TS1/cmr/m/n on input line 41.
LaTeX Font Info:    ... okay on input line 41.
LaTeX Font Info:    Checking defaults for OMX/cmex/m/n on input line 41.
LaTeX Font Info:    ... okay on input line 41.
LaTeX Font Info:    Checking defaults for U/cmr/m/n on input line 41.
LaTeX Font Info:    ... okay on input line 41.

(C:\Users\MY COMPUTER\AppData\Local\Programs\MiKTeX\tex/context/base/mkii\supp-
pdf.mkii
[Loading MPS to PDF converter (version 2006.09.02).]
\scratchcounter=\count296
\scratchdimen=\dimen160
\scratchbox=\box55
\nofMPsegments=\count297
\nofMParguments=\count298
\everyMPshowfont=\toks23
\MPscratchCnt=\count299
\MPscratchDim=\dimen161
\MPnumerator=\count300
\makeMPintoPDFobject=\count301
\everyMPtoPDFconversion=\toks24
)
(C:\Users\MY COMPUTER\AppData\Local\Programs\MiKTeX\tex/latex/epstopdf-pkg\epst
opdf-base.sty
Package: epstopdf-base 2020-01-24 v2.11 Base part for package epstopdf
Package epstopdf-base Info: Redefining graphics rule for `.eps' on input line 4
85.

(C:\Users\MY COMPUTER\AppData\Local\Programs\MiKTeX\tex/latex/00miktex\epstopdf
-sys.cfg
File: epstopdf-sys.cfg 2021/03/18 v2.0 Configuration of epstopdf for MiKTeX
))
LaTeX Font Info:    Trying to load font information for U+msa on input line 53.

(C:\Users\MY COMPUTER\AppData\Local\Programs\MiKTeX\tex/latex/amsfonts\umsa.fd
File: umsa.fd 2013/01/14 v3.01 AMS symbols A
)
LaTeX Font Info:    Trying to load font information for U+msb on input line 53.

(C:\Users\MY COMPUTER\AppData\Local\Programs\MiKTeX\tex/latex/amsfonts\umsb.fd
File: umsb.fd 2013/01/14 v3.01 AMS symbols B
)
Overfull \hbox (7.29999pt too wide) in paragraph at lines 53--54
[][][][][][]
 []


Overfull \hbox (7.29999pt too wide) in paragraph at lines 58--59
[][][][][][]
 []

LaTeX Font Info:    Font shape `OT1/cmtt/bx/n' in size <10.95> not available
(Font)              Font shape `OT1/cmtt/m/n' tried instead on input line 85.
[1

{C:/Users/MY COMPUTER/AppData/Local/MiKTeX/fonts/map/pdftex/pdftex.map}]
<p1_q1_topology.png, id=15, 909.3975pt x 816.04875pt>
File: p1_q1_topology.png Graphic file (type png)
<use p1_q1_topology.png>
Package pdftex.def Info: p1_q1_topology.png  used on input line 125.
(pdftex.def)             Requested size: 176.91733pt x 158.74908pt.
[2 <./p1_q1_topology.png>]
Overfull \hbox (77.4047pt too wide) in paragraph at lines 196--207
 [] 
 []

[3] [4]
Overfull \hbox (7.29999pt too wide) in paragraph at lines 213--214
[][][][][][]
 []

[5] [6]
Overfull \hbox (7.29999pt too wide) in paragraph at lines 289--290
[][][][][][]
 []

<p1_q3_topology.png, id=35, 1385.175pt x 344.28625pt>
File: p1_q3_topology.png Graphic file (type png)
<use p1_q3_topology.png>
Package pdftex.def Info: p1_q3_topology.png  used on input line 292.
(pdftex.def)             Requested size: 417.72377pt x 103.82251pt.
[7 <./p1_q3_topology.png (PNG copy)>] [8]
Overfull \hbox (7.29999pt too wide) in paragraph at lines 350--352
[][][][][][]
 []


Overfull \hbox (7.29999pt too wide) in paragraph at lines 356--357
[][][][][][]
 []

<p1_q4_topology.png, id=43, 453.695pt x 285.065pt>
File: p1_q4_topology.png Graphic file (type png)
<use p1_q4_topology.png>
Package pdftex.def Info: p1_q4_topology.png  used on input line 359.
(pdftex.def)             Requested size: 270.29141pt x 169.83109pt.

Overfull \hbox (11.26003pt too wide) in paragraph at lines 366--367
[]\OT1/cmr/m/n/10.95 R3: \OT1/cmtt/m/n/10.95 f0 \OT1/cmr/m/n/10.95 (10.10.12.1/
24), \OT1/cmtt/m/n/10.95 s0 \OT1/cmr/m/n/10.95 (10.17.10.2/30), \OT1/cmtt/m/n/1
0.95 s1 \OT1/cmr/m/n/10.95 (10.16.10.2/30), \OT1/cmtt/m/n/10.95 s2 \OT1/cmr/m/n
/10.95 (10.15.10.2/30), \OT1/cmtt/m/n/10.95 s3 \OT1/cmr/m/n/10.95 (10.14.10.2/3
0) 
 []


Overfull \hbox (0.70557pt too wide) in paragraph at lines 367--368
[]\OT1/cmr/m/n/10.95 R4: \OT1/cmtt/m/n/10.95 f0 \OT1/cmr/m/n/10.95 (10.10.13.1/
24), \OT1/cmtt/m/n/10.95 s0 \OT1/cmr/m/n/10.95 (10.18.10.1/30), \OT1/cmtt/m/n/1
0.95 s1 \OT1/cmr/m/n/10.95 (10.16.10.1/30) $\OMS/cmsy/m/n/10.95 !$ \OT1/cmr/m/n
/10.95 con-nects to R3 \OT1/cmtt/m/n/10.95 s1 \OT1/cmr/m/n/10.95 (10.16.10.2/30
) 
 []


Overfull \hbox (13.27466pt too wide) in paragraph at lines 381--382
\OT1/cmr/m/it/10.95 (Note: A fully spec-i-fied static route spec-i-fy-ing both 
exit in-ter-face and next hop: \OT1/cmtt/m/it/10.95 ip route 10.10.11.0
 []

[9 <./p1_q4_topology.png (PNG copy)>]
Overfull \hbox (0.96877pt too wide) in paragraph at lines 399--400
\OT1/cmr/m/it/10.95 (or with in-ter-face and next-hop: \OT1/cmtt/m/it/10.95 R4(
config)# ip route 0.0.0.0 0.0.0.0 s1 10.16.10.2 10\OT1/cmr/m/it/10.95 )\OT1/cmr
/m/n/10.95 . 
 []


Overfull \hbox (7.29999pt too wide) in paragraph at lines 405--406
[][][][][][]
 []

[10]
Overfull \hbox (7.29999pt too wide) in paragraph at lines 456--457
[][][][][][]
 []

[11] [12]
Overfull \hbox (7.29999pt too wide) in paragraph at lines 563--565
[][][][][][]
 []


Overfull \hbox (7.29999pt too wide) in paragraph at lines 569--570
[][][][][][]
 []


Overfull \hbox (7.29999pt too wide) in paragraph at lines 600--601
[][][][][][]
 []

[13] [14]
Overfull \hbox (7.29999pt too wide) in paragraph at lines 640--641
[][][][][][]
 []


Overfull \hbox (10.07083pt too wide) in paragraph at lines 691--692
\OT1/cmr/m/n/10.95 ter-nal port (e.g., \OT1/cmtt/m/n/10.95 220.20.20.17:8080\OT
1/cmr/m/n/10.95 ) to Host A's in-ter-nal IP and port (\OT1/cmtt/m/n/10.95 192.1
68.2.105:8080\OT1/cmr/m/n/10.95 ). 
 []

[15]
Overfull \hbox (7.29999pt too wide) in paragraph at lines 700--701
[][][][][][]
 []

[16]
Overfull \hbox (7.29999pt too wide) in paragraph at lines 747--748
[][][][][][]
 []

[17] [18] ([Set A _ v1] CSE421 F25 Final Examination.aux)
 ***********
LaTeX2e <2025-11-01>
L3 programming layer <2025-12-24>
 ***********
 ) 
Here is how much of TeX's memory you used:
 3084 strings out of 467871
 45735 string characters out of 5415437
 465939 words of memory out of 5000000
 31949 multiletter control sequences out of 15000+600000
 636175 words of font info for 72 fonts, out of 8000000 for 9000
 1141 hyphenation exceptions out of 8191
 57i,7n,65p,501b,336s stack positions out of 10000i,1000n,20000p,200000b,200000s
 <C:\Users\MY COMPUTER\AppData\Local\MiKTeX\fonts/pk/ljfour/jknappen/ec/dpi60
0\tcrm1095.pk><C:/Users/MY COMPUTER/AppData/Local/Programs/MiKTeX/fonts/type1/p
ublic/amsfonts/cm/cmbx10.pfb><C:/Users/MY COMPUTER/AppData/Local/Programs/MiKTe
X/fonts/type1/public/amsfonts/cm/cmbx12.pfb><C:/Users/MY COMPUTER/AppData/Local
/Programs/MiKTeX/fonts/type1/public/amsfonts/cm/cmbx8.pfb><C:/Users/MY COMPUTER
/AppData/Local/Programs/MiKTeX/fonts/type1/public/amsfonts/cm/cmitt10.pfb><C:/U
sers/MY COMPUTER/AppData/Local/Programs/MiKTeX/fonts/type1/public/amsfonts/cm/c
mmi10.pfb><C:/Users/MY COMPUTER/AppData/Local/Programs/MiKTeX/fonts/type1/publi
c/amsfonts/cm/cmmi6.pfb><C:/Users/MY COMPUTER/AppData/Local/Programs/MiKTeX/fon
ts/type1/public/amsfonts/cm/cmmi8.pfb><C:/Users/MY COMPUTER/AppData/Local/Progr
ams/MiKTeX/fonts/type1/public/amsfonts/cm/cmr10.pfb><C:/Users/MY COMPUTER/AppDa
ta/Local/Programs/MiKTeX/fonts/type1/public/amsfonts/cm/cmr8.pfb><C:/Users/MY C
OMPUTER/AppData/Local/Programs/MiKTeX/fonts/type1/public/amsfonts/cm/cmsy10.pfb
><C:/Users/MY COMPUTER/AppData/Local/Programs/MiKTeX/fonts/type1/public/amsfont
s/cm/cmsy8.pfb><C:/Users/MY COMPUTER/AppData/Local/Programs/MiKTeX/fonts/type1/
public/amsfonts/cm/cmti10.pfb><C:/Users/MY COMPUTER/AppData/Local/Programs/MiKT
eX/fonts/type1/public/amsfonts/cm/cmtt10.pfb>
Output written on "[Set A _ v1] CSE421 F25 Final Examination.pdf" (18 pages, 34
3917 bytes).
PDF statistics:
 135 PDF objects out of 1000 (max. 8388607)
 0 named destinations out of 1000 (max. 500000)
 16 words of extra memory for PDF output out of 10000 (max. 10000000)

