This is pdfTeX, Version 3.141592653-2.6-1.40.28 (MiKTeX 25.12) (preloaded format=pdflatex 2026.9.5)  11 SEP 2026 23:14
entering extended mode
 restricted \write18 enabled.
 %&-line parsing enabled.
**"./[Set B] CSE421 M25 Final Examination.tex"
([Set B] CSE421 M25 Final Examination.tex
LaTeX2e <2025-11-01>
L3 programming layer <2025-12-24>
(C:\Users\MY COMPUTER\AppData\Local\Programs\MiKTeX\tex/latex/base\article.cls
Document Class: article 2025/01/22 v1.4n Standard LaTeX document class
(C:\Users\MY COMPUTER\AppData\Local\Programs\MiKTeX\tex/latex/base\size11.clo
File: size11.clo 2025/01/22 v1.4n Standard LaTeX file (size option)
)
\c@part=\count275
\c@section=\count276
\c@subsection=\count277
\c@subsubsection=\count278
\c@paragraph=\count279
\c@subparagraph=\count280
\c@figure=\count281
\c@table=\count282
\abovecaptionskip=\skip49
\belowcaptionskip=\skip50
\bibindent=\dimen148
)
(C:\Users\MY COMPUTER\AppData\Local\Programs\MiKTeX\tex/latex/amsmath\amsmath.s
ty
Package: amsmath 2025/07/09 v2.17z AMS math features
\@mathmargin=\skip51
For additional information on amsmath, use the `?' option.

(C:\Users\MY COMPUTER\AppData\Local\Programs\MiKTeX\tex/latex/amsmath\amstext.s
ty
Package: amstext 2024/11/17 v2.01 AMS text

(C:\Users\MY COMPUTER\AppData\Local\Programs\MiKTeX\tex/latex/amsmath\amsgen.st
y
File: amsgen.sty 1999/11/30 v2.0 generic functions
\@emptytoks=\toks17
\ex@=\dimen149
))
(C:\Users\MY COMPUTER\AppData\Local\Programs\MiKTeX\tex/latex/amsmath\amsbsy.st
y
Package: amsbsy 1999/11/29 v1.2d Bold Symbols
\pmbraise@=\dimen150
)
(C:\Users\MY COMPUTER\AppData\Local\Programs\MiKTeX\tex/latex/amsmath\amsopn.st
y
Package: amsopn 2022/04/08 v2.04 operator names
)
\inf@bad=\count283
LaTeX Info: Redefining \frac on input line 233.
\uproot@=\count284
\leftroot@=\count285
LaTeX Info: Redefining \overline on input line 398.
LaTeX Info: Redefining \colon on input line 409.
\classnum@=\count286
\DOTSCASE@=\count287
LaTeX Info: Redefining \ldots on input line 495.
LaTeX Info: Redefining \dots on input line 498.
LaTeX Info: Redefining \cdots on input line 619.
\Mathstrutbox@=\box53
\strutbox@=\box54
LaTeX Info: Redefining \big on input line 721.
LaTeX Info: Redefining \Big on input line 722.
LaTeX Info: Redefining \bigg on input line 723.
LaTeX Info: Redefining \Bigg on input line 724.
\big@size=\dimen151
LaTeX Font Info:    Redeclaring font encoding OML on input line 742.
LaTeX Font Info:    Redeclaring font encoding OMS on input line 743.
\macc@depth=\count288
LaTeX Info: Redefining \bmod on input line 904.
LaTeX Info: Redefining \pmod on input line 909.
LaTeX Info: Redefining \smash on input line 939.
LaTeX Info: Redefining \relbar on input line 969.
LaTeX Info: Redefining \Relbar on input line 970.
\c@MaxMatrixCols=\count289
\dotsspace@=\muskip17
\c@parentequation=\count290
\dspbrk@lvl=\count291
\tag@help=\toks18
\row@=\count292
\column@=\count293
\maxfields@=\count294
\andhelp@=\toks19
\eqnshift@=\dimen152
\alignsep@=\dimen153
\tagshift@=\dimen154
\tagwidth@=\dimen155
\totwidth@=\dimen156
\lineht@=\dimen157
\@envbody=\toks20
\multlinegap=\skip52
\multlinetaggap=\skip53
\mathdisplay@stack=\toks21
LaTeX Info: Redefining \[ on input line 2950.
LaTeX Info: Redefining \] on input line 2951.
)
(C:\Users\MY COMPUTER\AppData\Local\Programs\MiKTeX\tex/latex/amsfonts\amssymb.
sty
Package: amssymb 2013/01/14 v3.01 AMS font symbols

(C:\Users\MY COMPUTER\AppData\Local\Programs\MiKTeX\tex/latex/amsfonts\amsfonts
.sty
Package: amsfonts 2013/01/14 v3.01 Basic AMSFonts support
\symAMSa=\mathgroup4
\symAMSb=\mathgroup5
LaTeX Font Info:    Redeclaring math symbol \hbar on input line 98.
LaTeX Font Info:    Overwriting math alphabet `\mathfrak' in version `bold'
(Font)                  U/euf/m/n --> U/euf/b/n on input line 106.
))
(C:\Users\MY COMPUTER\AppData\Local\Programs\MiKTeX\tex/latex/graphics\graphicx
.sty
Package: graphicx 2024/12/31 v1.2e Enhanced LaTeX Graphics (DPC,SPQR)

(C:\Users\MY COMPUTER\AppData\Local\Programs\MiKTeX\tex/latex/graphics\keyval.s
ty
Package: keyval 2022/05/29 v1.15 key=value parser (DPC)
\KV@toks@=\toks22
)
(C:\Users\MY COMPUTER\AppData\Local\Programs\MiKTeX\tex/latex/graphics\graphics
.sty
Package: graphics 2024/08/06 v1.4g Standard LaTeX Graphics (DPC,SPQR)

(C:\Users\MY COMPUTER\AppData\Local\Programs\MiKTeX\tex/latex/graphics\trig.sty
Package: trig 2023/12/02 v1.11 sin cos tan (DPC)
)
(C:\Users\MY COMPUTER\AppData\Local\Programs\MiKTeX\tex/latex/graphics-cfg\grap
hics.cfg
File: graphics.cfg 2016/06/04 v1.11 sample graphics configuration
)
Package graphics Info: Driver file: pdftex.def on input line 106.

(C:\Users\MY COMPUTER\AppData\Local\Programs\MiKTeX\tex/latex/graphics-def\pdft
ex.def
File: pdftex.def 2025/09/29 v1.2d Graphics/color driver for pdftex
))
\Gin@req@height=\dimen158
\Gin@req@width=\dimen159
)
(C:\Users\MY COMPUTER\AppData\Local\Programs\MiKTeX\tex/latex/xcolor\xcolor.sty
Package: xcolor 2024/09/29 v3.02 LaTeX color extensions (UK)

(C:\Users\MY COMPUTER\AppData\Local\Programs\MiKTeX\tex/latex/graphics-cfg\colo
r.cfg
File: color.cfg 2016/01/02 v1.6 sample color configuration
)
Package xcolor Info: Driver file: pdftex.def on input line 274.

(C:\Users\MY COMPUTER\AppData\Local\Programs\MiKTeX\tex/latex/graphics\mathcolo
r.ltx)
Package xcolor Info: Model `cmy' substituted by `cmy0' on input line 1349.
Package xcolor Info: Model `hsb' substituted by `rgb' on input line 1353.
Package xcolor Info: Model `RGB' extended on input line 1365.
Package xcolor Info: Model `HTML' substituted by `rgb' on input line 1367.
Package xcolor Info: Model `Hsb' substituted by `hsb' on input line 1368.
Package xcolor Info: Model `tHsb' substituted by `hsb' on input line 1369.
Package xcolor Info: Model `HSB' substituted by `hsb' on input line 1370.
Package xcolor Info: Model `Gray' substituted by `gray' on input line 1371.
Package xcolor Info: Model `wave' substituted by `hsb' on input line 1372.
)
(C:\Users\MY COMPUTER\AppData\Local\Programs\MiKTeX\tex/latex/l3backend\l3backe
nd-pdftex.def
File: l3backend-pdftex.def 2025-10-09 L3 backend support: PDF output (pdfTeX)
\l__color_backend_stack_int=\count295
) ([Set B] CSE421 M25 Final Examination.aux)
\openout1 = `"[Set B] CSE421 M25 Final Examination.aux"'.

LaTeX Font Info:    Checking defaults for OML/cmm/m/it on input line 39.
LaTeX Font Info:    ... okay on input line 39.
LaTeX Font Info:    Checking defaults for OMS/cmsy/m/n on input line 39.
LaTeX Font Info:    ... okay on input line 39.
LaTeX Font Info:    Checking defaults for OT1/cmr/m/n on input line 39.
LaTeX Font Info:    ... okay on input line 39.
LaTeX Font Info:    Checking defaults for T1/cmr/m/n on input line 39.
LaTeX Font Info:    ... okay on input line 39.
LaTeX Font Info:    Checking defaults for TS1/cmr/m/n on input line 39.
LaTeX Font Info:    ... okay on input line 39.
LaTeX Font Info:    Checking defaults for OMX/cmex/m/n on input line 39.
LaTeX Font Info:    ... okay on input line 39.
LaTeX Font Info:    Checking defaults for U/cmr/m/n on input line 39.
LaTeX Font Info:    ... okay on input line 39.

(C:\Users\MY COMPUTER\AppData\Local\Programs\MiKTeX\tex/context/base/mkii\supp-
pdf.mkii
[Loading MPS to PDF converter (version 2006.09.02).]
\scratchcounter=\count296
\scratchdimen=\dimen160
\scratchbox=\box55
\nofMPsegments=\count297
\nofMParguments=\count298
\everyMPshowfont=\toks23
\MPscratchCnt=\count299
\MPscratchDim=\dimen161
\MPnumerator=\count300
\makeMPintoPDFobject=\count301
\everyMPtoPDFconversion=\toks24
)
(C:\Users\MY COMPUTER\AppData\Local\Programs\MiKTeX\tex/latex/epstopdf-pkg\epst
opdf-base.sty
Package: epstopdf-base 2020-01-24 v2.11 Base part for package epstopdf
Package epstopdf-base Info: Redefining graphics rule for `.eps' on input line 4
85.

(C:\Users\MY COMPUTER\AppData\Local\Programs\MiKTeX\tex/latex/00miktex\epstopdf
-sys.cfg
File: epstopdf-sys.cfg 2021/03/18 v2.0 Configuration of epstopdf for MiKTeX
))
LaTeX Font Info:    Trying to load font information for U+msa on input line 51.

(C:\Users\MY COMPUTER\AppData\Local\Programs\MiKTeX\tex/latex/amsfonts\umsa.fd
File: umsa.fd 2013/01/14 v3.01 AMS symbols A
)
LaTeX Font Info:    Trying to load font information for U+msb on input line 51.

(C:\Users\MY COMPUTER\AppData\Local\Programs\MiKTeX\tex/latex/amsfonts\umsb.fd
File: umsb.fd 2013/01/14 v3.01 AMS symbols B
)
Overfull \hbox (7.29999pt too wide) in paragraph at lines 51--52
[][][][][][]
 []


Overfull \hbox (7.29999pt too wide) in paragraph at lines 56--57
[][][][][][]
 []

LaTeX Font Info:    Font shape `OT1/cmtt/bx/n' in size <10.95> not available
(Font)              Font shape `OT1/cmtt/m/n' tried instead on input line 72.
<p4_q1_topology.png, id=1, 361.35pt x 170.6375pt>
File: p4_q1_topology.png Graphic file (type png)
<use p4_q1_topology.png>
Package pdftex.def Info: p4_q1_topology.png  used on input line 87.
(pdftex.def)             Requested size: 196.57149pt x 92.82504pt.
[1

{C:/Users/MY COMPUTER/AppData/Local/MiKTeX/fonts/map/pdftex/pdftex.map} <./p4_q
1_topology.png (PNG copy)>]
Overfull \hbox (20.56252pt too wide) in paragraph at lines 114--115
[]\OT1/cmr/bx/n/10.95 Subnet Ad-dress: \OT1/cmtt/m/n/10.95 69.0.1.128/25 \OT1/c
mr/m/n/10.95 (Range: \OT1/cmtt/m/n/10.95 69.0.1.129 \OT1/cmr/m/n/10.95 -- \OT1/
cmtt/m/n/10.95 69.0.1.254\OT1/cmr/m/n/10.95 ; Broad-cast: \OT1/cmtt/m/n/10.95 6
9.0.1.255\OT1/cmr/m/n/10.95 ) 
 []

[2]
Overfull \hbox (7.29999pt too wide) in paragraph at lines 140--141
[][][][][][]
 []

[3]
Overfull \hbox (7.29999pt too wide) in paragraph at lines 208--209
[][][][][][]
 []

<p4_q3_topology.png, id=22, 736.7525pt x 706.64pt>
File: p4_q3_topology.png Graphic file (type png)
<use p4_q3_topology.png>
Package pdftex.def Info: p4_q3_topology.png  used on input line 211.
(pdftex.def)             Requested size: 196.57149pt x 188.53104pt.
<p4_q3_table.png, id=23, 363.3575pt x 511.9125pt>
File: p4_q3_table.png Graphic file (type png)
<use p4_q3_table.png>
Package pdftex.def Info: p4_q3_table.png  used on input line 213.
(pdftex.def)             Requested size: 221.14479pt x 311.56317pt.
[4 <./p4_q3_topology.png (PNG copy)> <./p4_q3_table.png (PNG copy)>] [5]
Overfull \hbox (7.29999pt too wide) in paragraph at lines 248--250
[][][][][][]
 []


Overfull \hbox (7.29999pt too wide) in paragraph at lines 254--255
[][][][][][]
 []


Overfull \hbox (7.29999pt too wide) in paragraph at lines 273--274
[][][][][][]
 []


Overfull \hbox (7.29999pt too wide) in paragraph at lines 294--295
[][][][][][]
 []

<p4_q6_topology.png, id=30, 1601.985pt x 423.5825pt>
File: p4_q6_topology.png Graphic file (type png)
<use p4_q6_topology.png>
Package pdftex.def Info: p4_q6_topology.png  used on input line 297.
(pdftex.def)             Requested size: 417.72377pt x 110.44556pt.
[6] [7 <./p4_q6_topology.png (PNG copy)>]
Overfull \hbox (7.29999pt too wide) in paragraph at lines 347--349
[][][][][][]
 []


Overfull \hbox (7.29999pt too wide) in paragraph at lines 353--354
[][][][][][]
 []


Overfull \hbox (7.29999pt too wide) in paragraph at lines 367--368
[][][][][][]
 []


Overfull \hbox (7.29999pt too wide) in paragraph at lines 378--379
[][][][][][]
 []


Overfull \hbox (7.29999pt too wide) in paragraph at lines 389--390
[][][][][][]
 []


Overfull \hbox (7.29999pt too wide) in paragraph at lines 400--401
[][][][][][]
 []

[8] [9] ([Set B] CSE421 M25 Final Examination.aux)
 ***********
LaTeX2e <2025-11-01>
L3 programming layer <2025-12-24>
 ***********
 ) 
Here is how much of TeX's memory you used:
 3085 strings out of 467871
 45744 string characters out of 5415437
 461756 words of memory out of 5000000
 31952 multiletter control sequences out of 15000+600000
 635671 words of font info for 69 fonts, out of 8000000 for 9000
 1141 hyphenation exceptions out of 8191
 57i,7n,65p,393b,218s stack positions out of 10000i,1000n,20000p,200000b,200000s
 <C:\Users\MY COMPUTER\AppData\Local\MiKTeX\fonts/pk/ljfour/jknappen/ec/dpi60
0\tcrm1095.pk><C:/Users/MY COMPUTER/AppData/Local/Programs/MiKTeX/fonts/type1/p
ublic/amsfonts/cm/cmbx10.pfb><C:/Users/MY COMPUTER/AppData/Local/Programs/MiKTe
X/fonts/type1/public/amsfonts/cm/cmbx12.pfb><C:/Users/MY COMPUTER/AppData/Local
/Programs/MiKTeX/fonts/type1/public/amsfonts/cm/cmmi10.pfb><C:/Users/MY COMPUTE
R/AppData/Local/Programs/MiKTeX/fonts/type1/public/amsfonts/cm/cmmi8.pfb><C:/Us
ers/MY COMPUTER/AppData/Local/Programs/MiKTeX/fonts/type1/public/amsfonts/cm/cm
r10.pfb><C:/Users/MY COMPUTER/AppData/Local/Programs/MiKTeX/fonts/type1/public/
amsfonts/cm/cmr8.pfb><C:/Users/MY COMPUTER/AppData/Local/Programs/MiKTeX/fonts/
type1/public/amsfonts/cm/cmsy10.pfb><C:/Users/MY COMPUTER/AppData/Local/Program
s/MiKTeX/fonts/type1/public/amsfonts/cm/cmsy8.pfb><C:/Users/MY COMPUTER/AppData
/Local/Programs/MiKTeX/fonts/type1/public/amsfonts/cm/cmti10.pfb><C:/Users/MY C
OMPUTER/AppData/Local/Programs/MiKTeX/fonts/type1/public/amsfonts/cm/cmtt10.pfb
>
Output written on "[Set B] CSE421 M25 Final Examination.pdf" (9 pages, 325992 b
ytes).
PDF statistics:
 91 PDF objects out of 1000 (max. 8388607)
 0 named destinations out of 1000 (max. 500000)
 21 words of extra memory for PDF output out of 10000 (max. 10000000)

